// Jest Snapshot v1, https://goo.gl/fbAQLP

exports[`ComponentView matches snapshot 1`] = `ShallowWrapper {}`;
