// Jest Snapshot v1, https://goo.gl/fbAQLP

exports[`CounterView matches snapshot 1`] = `ShallowWrapper {}`;
