// Jest Snapshot v1, https://goo.gl/fbAQLP

exports[`ElementListView matches snapshot 1`] = `ShallowWrapper {}`;
