// Jest Snapshot v1, https://goo.gl/fbAQLP

exports[`ElementView matches snapshot 1`] = `ShallowWrapper {}`;
