// Jest Snapshot v1, https://goo.gl/fbAQLP

exports[`ElementsView matches snapshot 1`] = `ShallowWrapper {}`;
